------------------------------------------------------------
Timing Analyzer Summary
------------------------------------------------------------

Type  : Slow 1100mV 85C Model Setup 'clk'
Slack : -3.025
TNS   : -134.450

Type  : Slow 1100mV 85C Model Hold 'clk'
Slack : 0.442
TNS   : 0.000

Type  : Slow 1100mV 85C Model Minimum Pulse Width 'clk'
Slack : -0.538
TNS   : -39.295

Type  : Slow 1100mV 0C Model Setup 'clk'
Slack : -3.012
TNS   : -133.755

Type  : Slow 1100mV 0C Model Hold 'clk'
Slack : 0.449
TNS   : 0.000

Type  : Slow 1100mV 0C Model Minimum Pulse Width 'clk'
Slack : -0.538
TNS   : -40.193

Type  : Fast 1100mV 85C Model Setup 'clk'
Slack : -0.940
TNS   : -37.575

Type  : Fast 1100mV 85C Model Hold 'clk'
Slack : 0.201
TNS   : 0.000

Type  : Fast 1100mV 85C Model Minimum Pulse Width 'clk'
Slack : -0.090
TNS   : -4.473

Type  : Fast 1100mV 0C Model Setup 'clk'
Slack : -0.770
TNS   : -30.571

Type  : Fast 1100mV 0C Model Hold 'clk'
Slack : 0.187
TNS   : 0.000

Type  : Fast 1100mV 0C Model Minimum Pulse Width 'clk'
Slack : -0.092
TNS   : -4.638

------------------------------------------------------------
